
Running kernel seems to be up-to-date.

No services need to be restarted.

No containers need to be restarted.

No user sessions are running outdated binaries.

No VM guests are running outdated hypervisor (qemu) binaries on this host.
#=#=#                                                                          #########                                                                 13.0%######################################################################## 100.0%
Resolving dependencies
Resolved, downloaded and extracted [302]

$ bun script/apply-dependency-patches.ts && bun packages/core/script/fix-node-pty.ts
$ husky
node:internal/modules/package_json_reader:301
  throw new ERR_MODULE_NOT_FOUND(packageName, fileURLToPath(base), null);
        ^

Error [ERR_MODULE_NOT_FOUND]: Cannot find package 'better-sqlite3' imported from /work/crabbox/cbx_8cb016f7dfa2/Claxedo/[eval]
    at Object.getPackageJSONURL (node:internal/modules/package_json_reader:301:9)
    at packageResolve (node:internal/modules/esm/resolve:764:81)
    at moduleResolve (node:internal/modules/esm/resolve:855:18)
    at defaultResolve (node:internal/modules/esm/resolve:988:11)
    at #cachedDefaultResolve (node:internal/modules/esm/loader:697:20)
    at #resolveAndMaybeBlockOnLoaderThread (node:internal/modules/esm/loader:714:38)
    at ModuleLoader.resolveSync (node:internal/modules/esm/loader:746:52)
    at #resolve (node:internal/modules/esm/loader:679:17)
    at ModuleLoader.getOrCreateModuleJob (node:internal/modules/esm/loader:599:35)
    at node:internal/modules/esm/loader:628:32 {
  code: 'ERR_MODULE_NOT_FOUND'
}

Node.js v24.15.0
